 Image lscr.io/linuxserver/webtop:debian-kde@sha256:2c69b3325b177713ac388fd8c0b95589bc537e938c5ff6e7a5435887fc35d0f6 Pulling 
 dc2f40cade61 Pulling fs layer 0B
 8eb9195ac8d0 Pulling fs layer 0B
 8b51db7fa651 Pulling fs layer 0B
 61e3a91a683f Pulling fs layer 0B
 5cd3b75a3f32 Pulling fs layer 0B
 8cac7d86e11b Pulling fs layer 0B
 958cdd9aa6dc Pulling fs layer 0B
 050e9b770e63 Pulling fs layer 0B
 3d4503e7e05c Pulling fs layer 0B
 288d8451cd7f Pulling fs layer 0B
 891d329cc60e Pulling fs layer 0B
 5a2671fe4e5b Pulling fs layer 0B
 db5c76e89991 Pulling fs layer 0B
 b0bed0f3b4fd Pulling fs layer 0B
 3cd73450897e Pulling fs layer 0B
 61e3a91a683f Waiting 0B
 57b2971744b8 Pulling fs layer 0B
 958cdd9aa6dc Waiting 0B
 050e9b770e63 Waiting 0B
 3d4503e7e05c Waiting 0B
 288d8451cd7f Waiting 0B
 891d329cc60e Waiting 0B
 5cd3b75a3f32 Waiting 0B
 5a2671fe4e5b Waiting 0B
 fcae6359d267 Pulling fs layer 0B
 8cac7d86e11b Waiting 0B
 db5c76e89991 Waiting 0B
 57b2971744b8 Waiting 0B
 3cd73450897e Waiting 0B
 b0bed0f3b4fd Waiting 0B
 fcae6359d267 Waiting 0B
 8eb9195ac8d0 Downloading 1.378kB
 8eb9195ac8d0 Downloading 6.239kB
 8eb9195ac8d0 Verifying Checksum 0B
 8eb9195ac8d0 Download complete 0B
 8b51db7fa651 Downloading 1.365kB
 8b51db7fa651 Verifying Checksum 0B
 8b51db7fa651 Download complete 0B
 dc2f40cade61 Downloading 344.1kB
 dc2f40cade61 Downloading 3.751MB
 61e3a91a683f Downloading 705B
 61e3a91a683f Download complete 0B
 5cd3b75a3f32 Downloading 429B
 5cd3b75a3f32 Verifying Checksum 0B
 5cd3b75a3f32 Download complete 0B
 dc2f40cade61 Downloading 6.806MB
 dc2f40cade61 Downloading 9.869MB
 958cdd9aa6dc Downloading 1.378kB
 958cdd9aa6dc Downloading 4.571kB
 958cdd9aa6dc Verifying Checksum 0B
 958cdd9aa6dc Download complete 0B
 8cac7d86e11b Downloading 391.2kB
 dc2f40cade61 Downloading 13.27MB
 8cac7d86e11b Downloading 2.346MB
 dc2f40cade61 Downloading 15.99MB
 8cac7d86e11b Downloading 5.099MB
 dc2f40cade61 Downloading 18.05MB
 050e9b770e63 Downloading 4.134kB
 050e9b770e63 Downloading 382.7kB
 050e9b770e63 Download complete 0B
 8cac7d86e11b Downloading 7.071MB
 dc2f40cade61 Downloading 20.11MB
 8cac7d86e11b Downloading 9.426MB
 dc2f40cade61 Downloading 22.17MB
 8cac7d86e11b Downloading 10.99MB
 dc2f40cade61 Downloading 23.87MB
 8cac7d86e11b Downloading 13.74MB
 dc2f40cade61 Downloading 26.24MB
 3d4503e7e05c Downloading 539.3kB
 8cac7d86e11b Downloading 15.31MB
 dc2f40cade61 Downloading 27.95MB
 3d4503e7e05c Downloading 2.161MB
 8cac7d86e11b Downloading 17.27MB
 dc2f40cade61 Downloading 29.66MB
 3d4503e7e05c Downloading 3.783MB
 8cac7d86e11b Downloading 19.23MB
 dc2f40cade61 Downloading 31.36MB
 3d4503e7e05c Downloading 5.931MB
 dc2f40cade61 Downloading 33.07MB
 8cac7d86e11b Downloading 21.2MB
 dc2f40cade61 Verifying Checksum 0B
 dc2f40cade61 Download complete 0B
 3d4503e7e05c Downloading 8.094MB
 8cac7d86e11b Downloading 23.95MB
 dc2f40cade61 Extracting 360.4kB
 3d4503e7e05c Downloading 10.76MB
 8cac7d86e11b Downloading 26.69MB
 dc2f40cade61 Extracting 1.802MB
 3d4503e7e05c Downloading 13.47MB
 288d8451cd7f Downloading 15.95kB
 288d8451cd7f Verifying Checksum 0B
 288d8451cd7f Download complete 0B
 8cac7d86e11b Downloading 28.65MB
 dc2f40cade61 Extracting 4.325MB
 3d4503e7e05c Downloading 15.61MB
 8cac7d86e11b Downloading 31.39MB
 dc2f40cade61 Extracting 7.209MB
 3d4503e7e05c Downloading 18.32MB
 8cac7d86e11b Downloading 33.74MB
 dc2f40cade61 Extracting 9.732MB
 3d4503e7e05c Downloading 20.48MB
 891d329cc60e Downloading 15.26kB
 891d329cc60e Verifying Checksum 0B
 891d329cc60e Download complete 0B
 8cac7d86e11b Downloading 36.08MB
 3d4503e7e05c Downloading 23.18MB
 dc2f40cade61 Extracting 12.62MB
 8cac7d86e11b Verifying Checksum 0B
 8cac7d86e11b Download complete 0B
 5a2671fe4e5b Downloading 16.38kB
 3d4503e7e05c Downloading 25.87MB
 dc2f40cade61 Extracting 14.06MB
 5a2671fe4e5b Verifying Checksum 0B
 5a2671fe4e5b Download complete 0B
 dc2f40cade61 Extracting 16.94MB
 3d4503e7e05c Downloading 28.57MB
 db5c76e89991 Downloading 8.738kB
 db5c76e89991 Download complete 0B
 dc2f40cade61 Extracting 21.27MB
 3d4503e7e05c Downloading 31.82MB
 dc2f40cade61 Extracting 25.95MB
 b0bed0f3b4fd Downloading 15.27kB
 b0bed0f3b4fd Downloading 74.04kB
 b0bed0f3b4fd Download complete 0B
 3d4503e7e05c Downloading 35.06MB
 dc2f40cade61 Extracting 28.84MB
 3d4503e7e05c Downloading 38.29MB
 3cd73450897e Downloading 31.45kB
 3d4503e7e05c Downloading 42.07MB
 3cd73450897e Downloading 2.358MB
 3cd73450897e Verifying Checksum 0B
 3cd73450897e Download complete 0B
 57b2971744b8 Downloading 539.3kB
 3d4503e7e05c Downloading 44.78MB
 dc2f40cade61 Extracting 29.56MB
 57b2971744b8 Downloading 3.243MB
 3d4503e7e05c Downloading 47.46MB
 fcae6359d267 Downloading 1.214kB
 fcae6359d267 Download complete 0B
 dc2f40cade61 Extracting 31.72MB
 57b2971744b8 Downloading 5.931MB
 3d4503e7e05c Downloading 49.63MB
 dc2f40cade61 Extracting 32.08MB
 3d4503e7e05c Downloading 51.79MB
 57b2971744b8 Downloading 8.634MB
 3d4503e7e05c Downloading 54.48MB
 57b2971744b8 Downloading 11.34MB
 57b2971744b8 Downloading 14.01MB
 3d4503e7e05c Downloading 57.16MB
 57b2971744b8 Downloading 16.68MB
 dc2f40cade61 Extracting 32.44MB
 3d4503e7e05c Downloading 59.87MB
 57b2971744b8 Downloading 19.38MB
 3d4503e7e05c Downloading 62.03MB
 dc2f40cade61 Extracting 33.16MB
 dc2f40cade61 Extracting 33.2MB
 3d4503e7e05c Downloading 64.19MB
 57b2971744b8 Downloading 22.08MB
 dc2f40cade61 Pull complete 0B
 8eb9195ac8d0 Extracting 6.239kB
 8eb9195ac8d0 Extracting 6.239kB
 8eb9195ac8d0 Pull complete 0B
 3d4503e7e05c Downloading 66.35MB
 8b51db7fa651 Extracting 1.365kB
 8b51db7fa651 Extracting 1.365kB
 57b2971744b8 Downloading 24.25MB
 8b51db7fa651 Pull complete 0B
 61e3a91a683f Extracting 705B
 61e3a91a683f Extracting 705B
 61e3a91a683f Pull complete 0B
 5cd3b75a3f32 Extracting 429B
 5cd3b75a3f32 Extracting 429B
 5cd3b75a3f32 Pull complete 0B
 3d4503e7e05c Downloading 69.04MB
 57b2971744b8 Downloading 26.94MB
 3d4503e7e05c Downloading 71.18MB
 57b2971744b8 Downloading 29.62MB
 8cac7d86e11b Extracting 393.2kB
 3d4503e7e05c Downloading 73.86MB
 57b2971744b8 Downloading 32.86MB
 8cac7d86e11b Extracting 3.146MB
 3d4503e7e05c Downloading 76.56MB
 57b2971744b8 Downloading 35.55MB
 3d4503e7e05c Downloading 78.71MB
 57b2971744b8 Downloading 37.7MB
 8cac7d86e11b Extracting 5.898MB
 3d4503e7e05c Downloading 80.87MB
 57b2971744b8 Downloading 39.86MB
 8cac7d86e11b Extracting 7.471MB
 3d4503e7e05c Downloading 83.55MB
 57b2971744b8 Downloading 42.56MB
 8cac7d86e11b Extracting 11.8MB
 3d4503e7e05c Downloading 86.24MB
 57b2971744b8 Downloading 44.73MB
 8cac7d86e11b Extracting 15.73MB
 3d4503e7e05c Downloading 88.95MB
 57b2971744b8 Downloading 47.42MB
 8cac7d86e11b Extracting 17.69MB
 3d4503e7e05c Downloading 90.55MB
 57b2971744b8 Downloading 49.04MB
 8cac7d86e11b Extracting 18.87MB
 3d4503e7e05c Downloading 93.26MB
 57b2971744b8 Downloading 52.26MB
 3d4503e7e05c Downloading 95.42MB
 8cac7d86e11b Extracting 21.63MB
 57b2971744b8 Downloading 54.91MB
 3d4503e7e05c Downloading 98.11MB
 57b2971744b8 Downloading 57.59MB
 8cac7d86e11b Extracting 22.81MB
 3d4503e7e05c Downloading 100.8MB
 8cac7d86e11b Extracting 26.35MB
 57b2971744b8 Downloading 60.28MB
 3d4503e7e05c Downloading 102.9MB
 57b2971744b8 Downloading 62.98MB
 3d4503e7e05c Downloading 105.1MB
 57b2971744b8 Downloading 65.14MB
 3d4503e7e05c Downloading 107.8MB
 57b2971744b8 Downloading 67.83MB
 3d4503e7e05c Downloading 110.5MB
 57b2971744b8 Downloading 69.99MB
 8cac7d86e11b Extracting 26.74MB
 3d4503e7e05c Downloading 113.2MB
 57b2971744b8 Downloading 72.7MB
 8cac7d86e11b Extracting 27.13MB
 3d4503e7e05c Downloading 116.4MB
 57b2971744b8 Downloading 75.4MB
 8cac7d86e11b Extracting 29.49MB
 3d4503e7e05c Downloading 119MB
 57b2971744b8 Downloading 78.09MB
 3d4503e7e05c Downloading 121.2MB
 57b2971744b8 Downloading 80.79MB
 8cac7d86e11b Extracting 31.06MB
 3d4503e7e05c Downloading 124.4MB
 57b2971744b8 Downloading 83.49MB
 8cac7d86e11b Extracting 32.24MB
 3d4503e7e05c Downloading 127.6MB
 57b2971744b8 Downloading 86.74MB
 8cac7d86e11b Extracting 33.03MB
 3d4503e7e05c Downloading 129.7MB
 57b2971744b8 Downloading 88.9MB
 8cac7d86e11b Extracting 34.21MB
 3d4503e7e05c Downloading 133MB
 57b2971744b8 Downloading 91.6MB
 3d4503e7e05c Downloading 135.6MB
 57b2971744b8 Downloading 94.29MB
 8cac7d86e11b Extracting 35MB
 3d4503e7e05c Downloading 138.3MB
 57b2971744b8 Downloading 96.95MB
 8cac7d86e11b Extracting 36.18MB
 3d4503e7e05c Downloading 141MB
 57b2971744b8 Downloading 99.61MB
 3d4503e7e05c Downloading 143.7MB
 57b2971744b8 Downloading 102.3MB
 3d4503e7e05c Downloading 146.4MB
 57b2971744b8 Downloading 104.5MB
 8cac7d86e11b Extracting 36.96MB
 3d4503e7e05c Downloading 149MB
 57b2971744b8 Downloading 107.2MB
 8cac7d86e11b Extracting 38.14MB
 57b2971744b8 Downloading 109.8MB
 3d4503e7e05c Downloading 151.7MB
 8cac7d86e11b Extracting 38.54MB
 8cac7d86e11b Extracting 38.54MB
 57b2971744b8 Downloading 112.5MB
 3d4503e7e05c Downloading 154.4MB
 8cac7d86e11b Pull complete 0B
 958cdd9aa6dc Extracting 4.571kB
 958cdd9aa6dc Extracting 4.571kB
 57b2971744b8 Downloading 115.2MB
 3d4503e7e05c Downloading 157.1MB
 958cdd9aa6dc Pull complete 0B
 050e9b770e63 Extracting 32.77kB
 050e9b770e63 Extracting 382.7kB
 050e9b770e63 Extracting 382.7kB
 050e9b770e63 Pull complete 0B
 3d4503e7e05c Downloading 159.7MB
 57b2971744b8 Downloading 118.5MB
 3d4503e7e05c Downloading 162.4MB
 57b2971744b8 Downloading 121.2MB
 3d4503e7e05c Downloading 165.6MB
 57b2971744b8 Downloading 123.9MB
 3d4503e7e05c Downloading 168.3MB
 57b2971744b8 Downloading 126.5MB
 57b2971744b8 Downloading 129.3MB
 3d4503e7e05c Downloading 170.9MB
 57b2971744b8 Downloading 131.9MB
 3d4503e7e05c Downloading 173.6MB
 57b2971744b8 Downloading 134.6MB
 3d4503e7e05c Downloading 176.9MB
 57b2971744b8 Downloading 137.3MB
 3d4503e7e05c Downloading 179.6MB
 57b2971744b8 Downloading 140.6MB
 3d4503e7e05c Downloading 182.8MB
 3d4503e7e05c Downloading 185.4MB
 57b2971744b8 Downloading 143.3MB
 3d4503e7e05c Downloading 188.6MB
 57b2971744b8 Downloading 146.5MB
 3d4503e7e05c Downloading 191.3MB
 57b2971744b8 Downloading 149.2MB
 3d4503e7e05c Downloading 193.4MB
 57b2971744b8 Downloading 151.9MB
 3d4503e7e05c Downloading 196.7MB
 57b2971744b8 Downloading 155.1MB
 3d4503e7e05c Downloading 199.3MB
 57b2971744b8 Downloading 157.8MB
 3d4503e7e05c Downloading 202.5MB
 57b2971744b8 Downloading 160.5MB
 3d4503e7e05c Downloading 205.2MB
 57b2971744b8 Downloading 163.2MB
 3d4503e7e05c Downloading 207.9MB
 57b2971744b8 Downloading 166.4MB
 3d4503e7e05c Downloading 211.1MB
 57b2971744b8 Downloading 169.6MB
 3d4503e7e05c Downloading 213.8MB
 57b2971744b8 Downloading 172.3MB
 3d4503e7e05c Downloading 216.5MB
 57b2971744b8 Downloading 174.5MB
 3d4503e7e05c Downloading 218.7MB
 57b2971744b8 Downloading 177.2MB
 3d4503e7e05c Downloading 221.9MB
 57b2971744b8 Downloading 179.9MB
 3d4503e7e05c Downloading 225.1MB
 57b2971744b8 Downloading 183.1MB
 3d4503e7e05c Downloading 227.8MB
 57b2971744b8 Downloading 185.8MB
 3d4503e7e05c Downloading 231.1MB
 57b2971744b8 Downloading 188.5MB
 3d4503e7e05c Downloading 234.3MB
 57b2971744b8 Downloading 191.7MB
 3d4503e7e05c Downloading 237MB
 57b2971744b8 Downloading 194.9MB
 3d4503e7e05c Downloading 240.2MB
 57b2971744b8 Downloading 198.1MB
 3d4503e7e05c Downloading 243.4MB
 57b2971744b8 Downloading 201.4MB
 3d4503e7e05c Downloading 246.1MB
 57b2971744b8 Downloading 204.1MB
 3d4503e7e05c Downloading 248.8MB
 3d4503e7e05c Downloading 252MB
 57b2971744b8 Downloading 207.3MB
 3d4503e7e05c Downloading 255.2MB
 57b2971744b8 Downloading 210.5MB
 57b2971744b8 Downloading 213.2MB
 3d4503e7e05c Downloading 258.4MB
 57b2971744b8 Downloading 216.4MB
 3d4503e7e05c Downloading 261.6MB
 57b2971744b8 Downloading 219.2MB
 3d4503e7e05c Downloading 264.3MB
 3d4503e7e05c Downloading 267.5MB
 57b2971744b8 Downloading 221.9MB
 3d4503e7e05c Downloading 270.2MB
 57b2971744b8 Downloading 224.5MB
 57b2971744b8 Downloading 227.2MB
 3d4503e7e05c Downloading 272.9MB
 57b2971744b8 Downloading 229.9MB
 3d4503e7e05c Downloading 275.6MB
 57b2971744b8 Downloading 232.6MB
 3d4503e7e05c Downloading 278.3MB
 57b2971744b8 Downloading 235.3MB
 3d4503e7e05c Downloading 281.5MB
 57b2971744b8 Downloading 238MB
 3d4503e7e05c Downloading 284.7MB
 57b2971744b8 Downloading 240.2MB
 3d4503e7e05c Downloading 287.4MB
 57b2971744b8 Downloading 242.9MB
 3d4503e7e05c Downloading 290.1MB
 57b2971744b8 Downloading 245.6MB
 3d4503e7e05c Downloading 292.8MB
 57b2971744b8 Downloading 248.8MB
 57b2971744b8 Downloading 252.6MB
 57b2971744b8 Downloading 256.4MB
 3d4503e7e05c Downloading 294.4MB
 57b2971744b8 Downloading 259.6MB
 3d4503e7e05c Downloading 297.1MB
 57b2971744b8 Downloading 262.3MB
 3d4503e7e05c Downloading 299.8MB
 57b2971744b8 Downloading 265.5MB
 3d4503e7e05c Downloading 302.4MB
 57b2971744b8 Downloading 268.2MB
 3d4503e7e05c Downloading 305.1MB
 57b2971744b8 Downloading 271.4MB
 3d4503e7e05c Downloading 307.8MB
 57b2971744b8 Downloading 274.6MB
 3d4503e7e05c Downloading 310.5MB
 57b2971744b8 Downloading 277.8MB
 3d4503e7e05c Downloading 313.7MB
 57b2971744b8 Downloading 281MB
 3d4503e7e05c Downloading 316.4MB
 57b2971744b8 Downloading 284.3MB
 3d4503e7e05c Downloading 319.7MB
 57b2971744b8 Downloading 287MB
 3d4503e7e05c Downloading 322.9MB
 57b2971744b8 Downloading 289.7MB
 3d4503e7e05c Downloading 326.2MB
 57b2971744b8 Downloading 292.4MB
 3d4503e7e05c Downloading 328.9MB
 57b2971744b8 Downloading 295.1MB
 3d4503e7e05c Downloading 332.1MB
 57b2971744b8 Downloading 297.8MB
 3d4503e7e05c Downloading 334.8MB
 57b2971744b8 Downloading 301MB
 3d4503e7e05c Downloading 338MB
 57b2971744b8 Downloading 303.7MB
 3d4503e7e05c Downloading 340.7MB
 57b2971744b8 Downloading 307MB
 3d4503e7e05c Downloading 342.9MB
 57b2971744b8 Downloading 310.2MB
 3d4503e7e05c Downloading 345.6MB
 57b2971744b8 Downloading 312.9MB
 3d4503e7e05c Downloading 348.8MB
 57b2971744b8 Downloading 315.6MB
 3d4503e7e05c Downloading 352MB
 57b2971744b8 Downloading 318.2MB
 3d4503e7e05c Downloading 355.3MB
 57b2971744b8 Downloading 320.9MB
 3d4503e7e05c Downloading 358MB
 57b2971744b8 Downloading 324.2MB
 3d4503e7e05c Downloading 361.2MB
 57b2971744b8 Downloading 326.9MB
 3d4503e7e05c Downloading 363.9MB
 57b2971744b8 Downloading 329.6MB
 3d4503e7e05c Downloading 366.6MB
 57b2971744b8 Downloading 332.3MB
 3d4503e7e05c Downloading 369.3MB
 57b2971744b8 Downloading 335MB
 3d4503e7e05c Downloading 372.5MB
 57b2971744b8 Downloading 337.7MB
 3d4503e7e05c Downloading 375.2MB
 57b2971744b8 Downloading 340.9MB
 3d4503e7e05c Downloading 377.4MB
 57b2971744b8 Downloading 343.6MB
 3d4503e7e05c Downloading 380.6MB
 57b2971744b8 Downloading 346.8MB
 3d4503e7e05c Downloading 383.2MB
 57b2971744b8 Downloading 349.5MB
 3d4503e7e05c Downloading 385.9MB
 57b2971744b8 Downloading 352.2MB
 3d4503e7e05c Downloading 388.6MB
 57b2971744b8 Downloading 354.9MB
 3d4503e7e05c Downloading 391.9MB
 57b2971744b8 Downloading 357.6MB
 3d4503e7e05c Downloading 395.1MB
 57b2971744b8 Downloading 360.9MB
 3d4503e7e05c Downloading 397.8MB
 57b2971744b8 Downloading 363.6MB
 3d4503e7e05c Downloading 401MB
 57b2971744b8 Downloading 366.8MB
 3d4503e7e05c Downloading 403.7MB
 57b2971744b8 Downloading 369.5MB
 3d4503e7e05c Downloading 406.4MB
 57b2971744b8 Downloading 372.2MB
 3d4503e7e05c Downloading 409.1MB
 57b2971744b8 Downloading 375.4MB
 3d4503e7e05c Downloading 412.3MB
 57b2971744b8 Downloading 378.7MB
 3d4503e7e05c Downloading 415MB
 57b2971744b8 Downloading 381.4MB
 3d4503e7e05c Downloading 417.2MB
 57b2971744b8 Downloading 384.1MB
 3d4503e7e05c Downloading 419.9MB
 57b2971744b8 Downloading 386.8MB
 3d4503e7e05c Downloading 423.1MB
 57b2971744b8 Downloading 389.5MB
 3d4503e7e05c Downloading 425.8MB
 57b2971744b8 Downloading 392.2MB
 3d4503e7e05c Downloading 429MB
 57b2971744b8 Downloading 394.9MB
 3d4503e7e05c Downloading 431.7MB
 57b2971744b8 Downloading 397.6MB
 3d4503e7e05c Downloading 434.9MB
 57b2971744b8 Downloading 399.7MB
 3d4503e7e05c Downloading 437MB
 57b2971744b8 Downloading 402.4MB
 3d4503e7e05c Downloading 439.2MB
 57b2971744b8 Downloading 405.1MB
 3d4503e7e05c Downloading 441.9MB
 57b2971744b8 Downloading 408.3MB
 3d4503e7e05c Downloading 444.6MB
 57b2971744b8 Downloading 411MB
 3d4503e7e05c Downloading 447.8MB
 57b2971744b8 Downloading 413.7MB
 3d4503e7e05c Downloading 451MB
 57b2971744b8 Downloading 416.4MB
 3d4503e7e05c Downloading 454.2MB
 57b2971744b8 Downloading 419.7MB
 3d4503e7e05c Downloading 457.4MB
 57b2971744b8 Downloading 422.4MB
 3d4503e7e05c Downloading 460.1MB
 57b2971744b8 Downloading 425.6MB
 3d4503e7e05c Downloading 462.8MB
 57b2971744b8 Downloading 428.3MB
 3d4503e7e05c Downloading 466.1MB
 57b2971744b8 Downloading 431MB
 3d4503e7e05c Downloading 468.8MB
 57b2971744b8 Downloading 433.7MB
 3d4503e7e05c Downloading 472MB
 57b2971744b8 Downloading 435.8MB
 3d4503e7e05c Downloading 475.2MB
 57b2971744b8 Downloading 439.1MB
 3d4503e7e05c Downloading 478.5MB
 57b2971744b8 Downloading 442.3MB
 3d4503e7e05c Downloading 481.2MB
 57b2971744b8 Downloading 444.4MB
 3d4503e7e05c Downloading 483.9MB
 57b2971744b8 Downloading 447.1MB
 3d4503e7e05c Downloading 486.6MB
 57b2971744b8 Downloading 449.8MB
 3d4503e7e05c Downloading 489.3MB
 57b2971744b8 Downloading 453.1MB
 3d4503e7e05c Downloading 492.5MB
 57b2971744b8 Downloading 455.8MB
 3d4503e7e05c Downloading 495.2MB
 57b2971744b8 Downloading 458.4MB
 3d4503e7e05c Downloading 497.4MB
 57b2971744b8 Downloading 460.6MB
 3d4503e7e05c Downloading 500.6MB
 57b2971744b8 Downloading 462.8MB
 3d4503e7e05c Downloading 503.3MB
 57b2971744b8 Downloading 466MB
 3d4503e7e05c Downloading 506MB
 57b2971744b8 Downloading 468.7MB
 3d4503e7e05c Downloading 508.7MB
 57b2971744b8 Downloading 471.4MB
 3d4503e7e05c Downloading 511.9MB
 57b2971744b8 Downloading 474.6MB
 3d4503e7e05c Downloading 514.6MB
 57b2971744b8 Downloading 477.3MB
 3d4503e7e05c Downloading 517.3MB
 57b2971744b8 Downloading 480.6MB
 3d4503e7e05c Downloading 520.5MB
 57b2971744b8 Downloading 483.3MB
 3d4503e7e05c Downloading 523.2MB
 57b2971744b8 Downloading 486.5MB
 3d4503e7e05c Downloading 525.9MB
 57b2971744b8 Downloading 489.2MB
 3d4503e7e05c Downloading 529.1MB
 57b2971744b8 Downloading 492.4MB
 3d4503e7e05c Downloading 531.8MB
 57b2971744b8 Downloading 495.6MB
 3d4503e7e05c Downloading 534.5MB
 57b2971744b8 Downloading 498.9MB
 3d4503e7e05c Downloading 537.8MB
 57b2971744b8 Downloading 501.5MB
 3d4503e7e05c Downloading 540.5MB
 57b2971744b8 Downloading 504.7MB
 3d4503e7e05c Downloading 543.7MB
 57b2971744b8 Downloading 506.9MB
 3d4503e7e05c Downloading 546.4MB
 57b2971744b8 Downloading 509.6MB
 3d4503e7e05c Downloading 549.1MB
 57b2971744b8 Downloading 512.3MB
 3d4503e7e05c Downloading 551.7MB
 3d4503e7e05c Downloading 555MB
 57b2971744b8 Downloading 515.5MB
 57b2971744b8 Downloading 518.2MB
 3d4503e7e05c Downloading 557.7MB
 57b2971744b8 Downloading 521.4MB
 3d4503e7e05c Downloading 560.9MB
 3d4503e7e05c Downloading 564.2MB
 57b2971744b8 Downloading 524.6MB
 57b2971744b8 Downloading 527.3MB
 3d4503e7e05c Downloading 566.8MB
 57b2971744b8 Downloading 530.5MB
 3d4503e7e05c Downloading 570.1MB
 3d4503e7e05c Downloading 572.8MB
 57b2971744b8 Downloading 533.8MB
 57b2971744b8 Downloading 536.5MB
 3d4503e7e05c Downloading 575.5MB
 3d4503e7e05c Downloading 578.2MB
 57b2971744b8 Downloading 539.1MB
 57b2971744b8 Downloading 542.4MB
 3d4503e7e05c Downloading 581.4MB
 3d4503e7e05c Downloading 584.6MB
 57b2971744b8 Downloading 545.6MB
 3d4503e7e05c Downloading 587.3MB
 57b2971744b8 Downloading 548.3MB
 57b2971744b8 Downloading 551MB
 3d4503e7e05c Downloading 590MB
 3d4503e7e05c Downloading 593.3MB
 57b2971744b8 Downloading 554.2MB
 3d4503e7e05c Downloading 596.5MB
 57b2971744b8 Downloading 556.8MB
 57b2971744b8 Verifying Checksum 0B
 57b2971744b8 Download complete 0B
 3d4503e7e05c Downloading 599.8MB
 3d4503e7e05c Downloading 601.9MB
 3d4503e7e05c Downloading 604.6MB
 3d4503e7e05c Downloading 607.3MB
 3d4503e7e05c Downloading 611.1MB
 3d4503e7e05c Downloading 613.8MB
 3d4503e7e05c Downloading 617.5MB
 3d4503e7e05c Downloading 620.2MB
 3d4503e7e05c Downloading 622.9MB
 3d4503e7e05c Downloading 626.1MB
 3d4503e7e05c Downloading 628.8MB
 3d4503e7e05c Downloading 630.9MB
 3d4503e7e05c Downloading 634.2MB
 3d4503e7e05c Downloading 637.4MB
 3d4503e7e05c Downloading 640.7MB
 3d4503e7e05c Downloading 643.4MB
 3d4503e7e05c Downloading 646.6MB
 3d4503e7e05c Downloading 648.7MB
 3d4503e7e05c Downloading 652.5MB
 3d4503e7e05c Downloading 656.2MB
 3d4503e7e05c Downloading 660.5MB
 3d4503e7e05c Downloading 664.3MB
 3d4503e7e05c Downloading 667.5MB
 3d4503e7e05c Downloading 670.2MB
 3d4503e7e05c Downloading 673.5MB
 3d4503e7e05c Downloading 676.2MB
 3d4503e7e05c Downloading 679.9MB
 3d4503e7e05c Downloading 683.2MB
 3d4503e7e05c Downloading 686.4MB
 3d4503e7e05c Downloading 689.6MB
 3d4503e7e05c Downloading 692.9MB
 3d4503e7e05c Downloading 696.1MB
 3d4503e7e05c Downloading 700.4MB
 3d4503e7e05c Downloading 704.2MB
 3d4503e7e05c Downloading 708.5MB
 3d4503e7e05c Downloading 711.8MB
 3d4503e7e05c Downloading 715MB
 3d4503e7e05c Downloading 718.2MB
 3d4503e7e05c Downloading 721.5MB
 3d4503e7e05c Downloading 724.2MB
 3d4503e7e05c Downloading 727.9MB
 3d4503e7e05c Downloading 731.2MB
 3d4503e7e05c Downloading 733.9MB
 3d4503e7e05c Downloading 736.6MB
 3d4503e7e05c Downloading 739.3MB
 3d4503e7e05c Downloading 742.5MB
 3d4503e7e05c Downloading 745.7MB
 3d4503e7e05c Downloading 748.9MB
 3d4503e7e05c Downloading 752.7MB
 3d4503e7e05c Downloading 756.4MB
 3d4503e7e05c Downloading 760.2MB
 3d4503e7e05c Downloading 762.9MB
 3d4503e7e05c Downloading 767.2MB
 3d4503e7e05c Downloading 770.5MB
 3d4503e7e05c Downloading 773.7MB
 3d4503e7e05c Downloading 777.4MB
 3d4503e7e05c Downloading 781.2MB
 3d4503e7e05c Downloading 783.9MB
 3d4503e7e05c Downloading 786.5MB
 3d4503e7e05c Downloading 790.3MB
 3d4503e7e05c Downloading 792.5MB
 3d4503e7e05c Downloading 795.2MB
 3d4503e7e05c Downloading 798.9MB
 3d4503e7e05c Downloading 802.7MB
 3d4503e7e05c Downloading 806MB
 3d4503e7e05c Downloading 809.2MB
 3d4503e7e05c Downloading 812.4MB
 3d4503e7e05c Downloading 815.7MB
 3d4503e7e05c Downloading 818.9MB
 3d4503e7e05c Downloading 821.6MB
 3d4503e7e05c Downloading 824.8MB
 3d4503e7e05c Downloading 828MB
 3d4503e7e05c Downloading 830.7MB
 3d4503e7e05c Downloading 834.5MB
 3d4503e7e05c Downloading 837.2MB
 3d4503e7e05c Downloading 841.5MB
 3d4503e7e05c Downloading 844.2MB
 3d4503e7e05c Downloading 847.4MB
 3d4503e7e05c Downloading 851.2MB
 3d4503e7e05c Downloading 854.4MB
 3d4503e7e05c Downloading 857.7MB
 3d4503e7e05c Downloading 860.9MB
 3d4503e7e05c Downloading 865.2MB
 3d4503e7e05c Downloading 867.9MB
 3d4503e7e05c Downloading 871.1MB
 3d4503e7e05c Downloading 874.3MB
 3d4503e7e05c Downloading 878.1MB
 3d4503e7e05c Downloading 881.3MB
 3d4503e7e05c Downloading 884.6MB
 3d4503e7e05c Downloading 887.3MB
 3d4503e7e05c Downloading 890MB
 3d4503e7e05c Downloading 893.7MB
 3d4503e7e05c Downloading 897.5MB
 3d4503e7e05c Downloading 901.3MB
 3d4503e7e05c Downloading 904MB
 3d4503e7e05c Verifying Checksum 0B
 3d4503e7e05c Download complete 0B
 3d4503e7e05c Extracting 557.1kB
 3d4503e7e05c Extracting 2.228MB
 3d4503e7e05c Extracting 3.342MB
 3d4503e7e05c Extracting 5.014MB
 3d4503e7e05c Extracting 6.128MB
 3d4503e7e05c Extracting 7.799MB
 3d4503e7e05c Extracting 10.58MB
 3d4503e7e05c Extracting 13.37MB
 3d4503e7e05c Extracting 16.15MB
 3d4503e7e05c Extracting 21.73MB
 3d4503e7e05c Extracting 26.74MB
 3d4503e7e05c Extracting 31.75MB
 3d4503e7e05c Extracting 36.21MB
 3d4503e7e05c Extracting 40.11MB
 3d4503e7e05c Extracting 42.89MB
 3d4503e7e05c Extracting 44.01MB
 3d4503e7e05c Extracting 48.46MB
 3d4503e7e05c Extracting 49.58MB
 3d4503e7e05c Extracting 50.69MB
 3d4503e7e05c Extracting 51.81MB
 3d4503e7e05c Extracting 55.15MB
 3d4503e7e05c Extracting 59.6MB
 3d4503e7e05c Extracting 61.83MB
 3d4503e7e05c Extracting 62.95MB
 3d4503e7e05c Extracting 64.06MB
 3d4503e7e05c Extracting 65.18MB
 3d4503e7e05c Extracting 70.75MB
 3d4503e7e05c Extracting 76.32MB
 3d4503e7e05c Extracting 80.77MB
 3d4503e7e05c Extracting 83MB
 3d4503e7e05c Extracting 84.12MB
 3d4503e7e05c Extracting 87.46MB
 3d4503e7e05c Extracting 89.69MB
 3d4503e7e05c Extracting 90.8MB
 3d4503e7e05c Extracting 91.36MB
 3d4503e7e05c Extracting 92.47MB
 3d4503e7e05c Extracting 93.03MB
 3d4503e7e05c Extracting 96.93MB
 3d4503e7e05c Extracting 98.04MB
 3d4503e7e05c Extracting 99.71MB
 3d4503e7e05c Extracting 104.2MB
 3d4503e7e05c Extracting 109.2MB
 3d4503e7e05c Extracting 113.1MB
 3d4503e7e05c Extracting 117MB
 3d4503e7e05c Extracting 120.3MB
 3d4503e7e05c Extracting 125.3MB
 3d4503e7e05c Extracting 130.4MB
 3d4503e7e05c Extracting 135.4MB
 3d4503e7e05c Extracting 140.4MB
 3d4503e7e05c Extracting 145.4MB
 3d4503e7e05c Extracting 149.3MB
 3d4503e7e05c Extracting 153.7MB
 3d4503e7e05c Extracting 158.2MB
 3d4503e7e05c Extracting 162.7MB
 3d4503e7e05c Extracting 170.5MB
 3d4503e7e05c Extracting 173.2MB
 3d4503e7e05c Extracting 177.7MB
 3d4503e7e05c Extracting 182.2MB
 3d4503e7e05c Extracting 186.6MB
 3d4503e7e05c Extracting 188.8MB
 3d4503e7e05c Extracting 195.5MB
 3d4503e7e05c Extracting 199.4MB
 3d4503e7e05c Extracting 202.8MB
 3d4503e7e05c Extracting 205.6MB
 3d4503e7e05c Extracting 209.5MB
 3d4503e7e05c Extracting 213.9MB
 3d4503e7e05c Extracting 218.9MB
 3d4503e7e05c Extracting 222.3MB
 3d4503e7e05c Extracting 226.2MB
 3d4503e7e05c Extracting 231.2MB
 3d4503e7e05c Extracting 236.7MB
 3d4503e7e05c Extracting 240.1MB
 3d4503e7e05c Extracting 240.6MB
 3d4503e7e05c Extracting 241.8MB
 3d4503e7e05c Extracting 242.3MB
 3d4503e7e05c Extracting 242.9MB
 3d4503e7e05c Extracting 243.4MB
 3d4503e7e05c Extracting 244MB
 3d4503e7e05c Extracting 244.5MB
 3d4503e7e05c Extracting 245.1MB
 3d4503e7e05c Extracting 246.2MB
 3d4503e7e05c Extracting 250.1MB
 3d4503e7e05c Extracting 252.3MB
 3d4503e7e05c Extracting 254MB
 3d4503e7e05c Extracting 255.7MB
 3d4503e7e05c Extracting 259MB
 3d4503e7e05c Extracting 261.3MB
 3d4503e7e05c Extracting 265.7MB
 3d4503e7e05c Extracting 268.5MB
 3d4503e7e05c Extracting 273.5MB
 3d4503e7e05c Extracting 276.3MB
 3d4503e7e05c Extracting 279.6MB
 3d4503e7e05c Extracting 281.9MB
 3d4503e7e05c Extracting 283MB
 3d4503e7e05c Extracting 287.4MB
 3d4503e7e05c Extracting 290.2MB
 3d4503e7e05c Extracting 295.8MB
 3d4503e7e05c Extracting 300.8MB
 3d4503e7e05c Extracting 303.6MB
 3d4503e7e05c Extracting 305.8MB
 3d4503e7e05c Extracting 308.6MB
 3d4503e7e05c Extracting 310.8MB
 3d4503e7e05c Extracting 313.1MB
 3d4503e7e05c Extracting 316.4MB
 3d4503e7e05c Extracting 319.2MB
 3d4503e7e05c Extracting 321.4MB
 3d4503e7e05c Extracting 322.5MB
 3d4503e7e05c Extracting 323.6MB
 3d4503e7e05c Extracting 324.2MB
 3d4503e7e05c Extracting 326.4MB
 3d4503e7e05c Extracting 328.1MB
 3d4503e7e05c Extracting 329.8MB
 3d4503e7e05c Extracting 331.4MB
 3d4503e7e05c Extracting 333.7MB
 3d4503e7e05c Extracting 335.3MB
 3d4503e7e05c Extracting 337MB
 3d4503e7e05c Extracting 338.7MB
 3d4503e7e05c Extracting 342MB
 3d4503e7e05c Extracting 345.9MB
 3d4503e7e05c Extracting 349.3MB
 3d4503e7e05c Extracting 352.6MB
 3d4503e7e05c Extracting 356MB
 3d4503e7e05c Extracting 359.3MB
 3d4503e7e05c Extracting 363.2MB
 3d4503e7e05c Extracting 366.5MB
 3d4503e7e05c Extracting 370.4MB
 3d4503e7e05c Extracting 374.3MB
 3d4503e7e05c Extracting 377.7MB
 3d4503e7e05c Extracting 381.6MB
 3d4503e7e05c Extracting 385.5MB
 3d4503e7e05c Extracting 388.8MB
 3d4503e7e05c Extracting 392.7MB
 3d4503e7e05c Extracting 395.5MB
 3d4503e7e05c Extracting 397.2MB
 3d4503e7e05c Extracting 399.4MB
 3d4503e7e05c Extracting 401.6MB
 3d4503e7e05c Extracting 403.9MB
 3d4503e7e05c Extracting 405.5MB
 3d4503e7e05c Extracting 407.2MB
 3d4503e7e05c Extracting 409.4MB
 3d4503e7e05c Extracting 411.1MB
 3d4503e7e05c Extracting 412.8MB
 3d4503e7e05c Extracting 415MB
 3d4503e7e05c Extracting 416.7MB
 3d4503e7e05c Extracting 419.5MB
 3d4503e7e05c Extracting 421.7MB
 3d4503e7e05c Extracting 424.5MB
 3d4503e7e05c Extracting 426.7MB
 3d4503e7e05c Extracting 428.4MB
 3d4503e7e05c Extracting 430MB
 3d4503e7e05c Extracting 431.7MB
 3d4503e7e05c Extracting 432.3MB
 3d4503e7e05c Extracting 433.4MB
 3d4503e7e05c Extracting 435.6MB
 3d4503e7e05c Extracting 436.7MB
 3d4503e7e05c Extracting 437.8MB
 3d4503e7e05c Extracting 440.6MB
 3d4503e7e05c Extracting 442.3MB
 3d4503e7e05c Extracting 446.2MB
 3d4503e7e05c Extracting 449.5MB
 3d4503e7e05c Extracting 450.7MB
 3d4503e7e05c Extracting 454MB
 3d4503e7e05c Extracting 458.5MB
 3d4503e7e05c Extracting 464MB
 3d4503e7e05c Extracting 469.6MB
 3d4503e7e05c Extracting 475.2MB
 3d4503e7e05c Extracting 480.7MB
 3d4503e7e05c Extracting 484.1MB
 3d4503e7e05c Extracting 486.3MB
 3d4503e7e05c Extracting 489.1MB
 3d4503e7e05c Extracting 492.4MB
 3d4503e7e05c Extracting 497.5MB
 3d4503e7e05c Extracting 499.1MB
 3d4503e7e05c Extracting 504.1MB
 3d4503e7e05c Extracting 508.6MB
 3d4503e7e05c Extracting 514.2MB
 3d4503e7e05c Extracting 518.1MB
 3d4503e7e05c Extracting 523.6MB
 3d4503e7e05c Extracting 530.3MB
 3d4503e7e05c Extracting 534.8MB
 3d4503e7e05c Extracting 540.3MB
 3d4503e7e05c Extracting 544.2MB
 3d4503e7e05c Extracting 547MB
 3d4503e7e05c Extracting 552MB
 3d4503e7e05c Extracting 553.2MB
 3d4503e7e05c Extracting 557.6MB
 3d4503e7e05c Extracting 562.1MB
 3d4503e7e05c Extracting 566MB
 3d4503e7e05c Extracting 570.4MB
 3d4503e7e05c Extracting 575.4MB
 3d4503e7e05c Extracting 579.9MB
 3d4503e7e05c Extracting 584.9MB
 3d4503e7e05c Extracting 589.9MB
 3d4503e7e05c Extracting 594.4MB
 3d4503e7e05c Extracting 597.2MB
 3d4503e7e05c Extracting 601.1MB
 3d4503e7e05c Extracting 603.8MB
 3d4503e7e05c Extracting 607.2MB
 3d4503e7e05c Extracting 611.1MB
 3d4503e7e05c Extracting 615MB
 3d4503e7e05c Extracting 616.7MB
 3d4503e7e05c Extracting 620.6MB
 3d4503e7e05c Extracting 626.1MB
 3d4503e7e05c Extracting 631.7MB
 3d4503e7e05c Extracting 633.9MB
 3d4503e7e05c Extracting 638.4MB
 3d4503e7e05c Extracting 642.8MB
 3d4503e7e05c Extracting 646.7MB
 3d4503e7e05c Extracting 650.6MB
 3d4503e7e05c Extracting 656.8MB
 3d4503e7e05c Extracting 659.6MB
 3d4503e7e05c Extracting 664MB
 3d4503e7e05c Extracting 667.9MB
 3d4503e7e05c Extracting 671.8MB
 3d4503e7e05c Extracting 677.4MB
 3d4503e7e05c Extracting 683.5MB
 3d4503e7e05c Extracting 688MB
 3d4503e7e05c Extracting 694.1MB
 3d4503e7e05c Extracting 699.7MB
 3d4503e7e05c Extracting 704.1MB
 3d4503e7e05c Extracting 709.7MB
 3d4503e7e05c Extracting 714.7MB
 3d4503e7e05c Extracting 718MB
 3d4503e7e05c Extracting 718.6MB
 3d4503e7e05c Extracting 719.2MB
 3d4503e7e05c Extracting 719.7MB
 3d4503e7e05c Extracting 720.3MB
 3d4503e7e05c Extracting 720.8MB
 3d4503e7e05c Extracting 721.4MB
 3d4503e7e05c Extracting 721.9MB
 3d4503e7e05c Extracting 722.5MB
 3d4503e7e05c Extracting 723.1MB
 3d4503e7e05c Extracting 729.2MB
 3d4503e7e05c Extracting 730.9MB
 3d4503e7e05c Extracting 734.2MB
 3d4503e7e05c Extracting 744.8MB
 3d4503e7e05c Extracting 754.3MB
 3d4503e7e05c Extracting 764.3MB
 3d4503e7e05c Extracting 773.8MB
 3d4503e7e05c Extracting 784.3MB
 3d4503e7e05c Extracting 793.8MB
 3d4503e7e05c Extracting 804.4MB
 3d4503e7e05c Extracting 812.2MB
 3d4503e7e05c Extracting 821.1MB
 3d4503e7e05c Extracting 827.8MB
 3d4503e7e05c Extracting 832.2MB
 3d4503e7e05c Extracting 835.6MB
 3d4503e7e05c Extracting 839.5MB
 3d4503e7e05c Extracting 844.5MB
 3d4503e7e05c Extracting 850.1MB
 3d4503e7e05c Extracting 851.2MB
 3d4503e7e05c Extracting 853.4MB
 3d4503e7e05c Extracting 855.1MB
 3d4503e7e05c Extracting 856.2MB
 3d4503e7e05c Extracting 857.3MB
 3d4503e7e05c Extracting 857.9MB
 3d4503e7e05c Extracting 858.4MB
 3d4503e7e05c Extracting 859MB
 3d4503e7e05c Extracting 860.7MB
 3d4503e7e05c Extracting 862.3MB
 3d4503e7e05c Extracting 864.6MB
 3d4503e7e05c Extracting 866.8MB
 3d4503e7e05c Extracting 869MB
 3d4503e7e05c Extracting 871.2MB
 3d4503e7e05c Extracting 873.5MB
 3d4503e7e05c Extracting 875.1MB
 3d4503e7e05c Extracting 876.8MB
 3d4503e7e05c Extracting 878.5MB
 3d4503e7e05c Extracting 880.1MB
 3d4503e7e05c Extracting 882.4MB
 3d4503e7e05c Extracting 884MB
 3d4503e7e05c Extracting 886.3MB
 3d4503e7e05c Extracting 887.9MB
 3d4503e7e05c Extracting 890.2MB
 3d4503e7e05c Extracting 891.8MB
 3d4503e7e05c Extracting 893.5MB
 3d4503e7e05c Extracting 894.1MB
 3d4503e7e05c Extracting 895.7MB
 3d4503e7e05c Extracting 898MB
 3d4503e7e05c Extracting 901.3MB
 3d4503e7e05c Extracting 901.9MB
 3d4503e7e05c Extracting 904.1MB
 3d4503e7e05c Extracting 904.7MB
 3d4503e7e05c Extracting 905.2MB
 3d4503e7e05c Extracting 905.8MB
 3d4503e7e05c Extracting 906.3MB
 3d4503e7e05c Extracting 906.3MB
 3d4503e7e05c Pull complete 0B
 288d8451cd7f Extracting 15.95kB
 288d8451cd7f Extracting 15.95kB
 288d8451cd7f Pull complete 0B
 891d329cc60e Extracting 32.77kB
 891d329cc60e Extracting 393.2kB
 891d329cc60e Extracting 426kB
 891d329cc60e Extracting 754.9kB
 891d329cc60e Pull complete 0B
 5a2671fe4e5b Extracting 32.77kB
 5a2671fe4e5b Extracting 1.106MB
 5a2671fe4e5b Extracting 1.106MB
 5a2671fe4e5b Pull complete 0B
 db5c76e89991 Extracting 8.738kB
 db5c76e89991 Extracting 8.738kB
 db5c76e89991 Pull complete 0B
 b0bed0f3b4fd Extracting 32.77kB
 b0bed0f3b4fd Extracting 74.04kB
 b0bed0f3b4fd Extracting 74.04kB
 b0bed0f3b4fd Pull complete 0B
 3cd73450897e Extracting 32.77kB
 3cd73450897e Extracting 2.588MB
 3cd73450897e Extracting 2.588MB
 3cd73450897e Pull complete 0B
 57b2971744b8 Extracting 557.1kB
 57b2971744b8 Extracting 5.571MB
 57b2971744b8 Extracting 8.913MB
 57b2971744b8 Extracting 13.93MB
 57b2971744b8 Extracting 16.15MB
 57b2971744b8 Extracting 18.94MB
 57b2971744b8 Extracting 24.51MB
 57b2971744b8 Extracting 28.97MB
 57b2971744b8 Extracting 33.98MB
 57b2971744b8 Extracting 38.99MB
 57b2971744b8 Extracting 44.01MB
 57b2971744b8 Extracting 48.46MB
 57b2971744b8 Extracting 54.03MB
 57b2971744b8 Extracting 59.6MB
 57b2971744b8 Extracting 65.18MB
 57b2971744b8 Extracting 70.75MB
 57b2971744b8 Extracting 76.32MB
 57b2971744b8 Extracting 82.44MB
 57b2971744b8 Extracting 88.01MB
 57b2971744b8 Extracting 94.14MB
 57b2971744b8 Extracting 99.71MB
 57b2971744b8 Extracting 105.3MB
 57b2971744b8 Extracting 110.9MB
 57b2971744b8 Extracting 116.4MB
 57b2971744b8 Extracting 120.9MB
 57b2971744b8 Extracting 126.5MB
 57b2971744b8 Extracting 132MB
 57b2971744b8 Extracting 138.1MB
 57b2971744b8 Extracting 140.4MB
 57b2971744b8 Extracting 145.4MB
 57b2971744b8 Extracting 149.3MB
 57b2971744b8 Extracting 152.6MB
 57b2971744b8 Extracting 156.5MB
 57b2971744b8 Extracting 158.8MB
 57b2971744b8 Extracting 161MB
 57b2971744b8 Extracting 163.2MB
 57b2971744b8 Extracting 165.4MB
 57b2971744b8 Extracting 167.7MB
 57b2971744b8 Extracting 169.9MB
 57b2971744b8 Extracting 172.1MB
 57b2971744b8 Extracting 174.4MB
 57b2971744b8 Extracting 176MB
 57b2971744b8 Extracting 178.3MB
 57b2971744b8 Extracting 188.8MB
 57b2971744b8 Extracting 192.7MB
 57b2971744b8 Extracting 195MB
 57b2971744b8 Extracting 200MB
 57b2971744b8 Extracting 203.9MB
 57b2971744b8 Extracting 208.3MB
 57b2971744b8 Extracting 211.1MB
 57b2971744b8 Extracting 215MB
 57b2971744b8 Extracting 219.5MB
 57b2971744b8 Extracting 225.1MB
 57b2971744b8 Extracting 229MB
 57b2971744b8 Extracting 233.4MB
 57b2971744b8 Extracting 238.4MB
 57b2971744b8 Extracting 242.9MB
 57b2971744b8 Extracting 247.9MB
 57b2971744b8 Extracting 252.9MB
 57b2971744b8 Extracting 257.4MB
 57b2971744b8 Extracting 261.8MB
 57b2971744b8 Extracting 266.3MB
 57b2971744b8 Extracting 270.7MB
 57b2971744b8 Extracting 275.2MB
 57b2971744b8 Extracting 279.6MB
 57b2971744b8 Extracting 284.7MB
 57b2971744b8 Extracting 288.6MB
 57b2971744b8 Extracting 291.9MB
 57b2971744b8 Extracting 295.2MB
 57b2971744b8 Extracting 302.5MB
 57b2971744b8 Extracting 309.2MB
 57b2971744b8 Extracting 313.6MB
 57b2971744b8 Extracting 318.6MB
 57b2971744b8 Extracting 323.1MB
 57b2971744b8 Extracting 327MB
 57b2971744b8 Extracting 330.9MB
 57b2971744b8 Extracting 334.8MB
 57b2971744b8 Extracting 338.1MB
 57b2971744b8 Extracting 342MB
 57b2971744b8 Extracting 346.5MB
 57b2971744b8 Extracting 350.4MB
 57b2971744b8 Extracting 354.8MB
 57b2971744b8 Extracting 358.2MB
 57b2971744b8 Extracting 362.1MB
 57b2971744b8 Extracting 364.9MB
 57b2971744b8 Extracting 366.5MB
 57b2971744b8 Extracting 367.7MB
 57b2971744b8 Extracting 368.8MB
 57b2971744b8 Extracting 371MB
 57b2971744b8 Extracting 374.3MB
 57b2971744b8 Extracting 376.6MB
 57b2971744b8 Extracting 379.4MB
 57b2971744b8 Extracting 382.7MB
 57b2971744b8 Extracting 385.5MB
 57b2971744b8 Extracting 386MB
 57b2971744b8 Extracting 386.6MB
 57b2971744b8 Extracting 387.7MB
 57b2971744b8 Extracting 388.8MB
 57b2971744b8 Extracting 389.9MB
 57b2971744b8 Extracting 391.6MB
 57b2971744b8 Extracting 393.3MB
 57b2971744b8 Extracting 396.1MB
 57b2971744b8 Extracting 399.4MB
 57b2971744b8 Extracting 402.2MB
 57b2971744b8 Extracting 404.4MB
 57b2971744b8 Extracting 406.7MB
 57b2971744b8 Extracting 407.2MB
 57b2971744b8 Extracting 407.8MB
 57b2971744b8 Extracting 408.3MB
 57b2971744b8 Extracting 408.9MB
 57b2971744b8 Extracting 409.4MB
 57b2971744b8 Extracting 410MB
 57b2971744b8 Extracting 410.6MB
 57b2971744b8 Extracting 411.1MB
 57b2971744b8 Extracting 412.2MB
 57b2971744b8 Extracting 412.8MB
 57b2971744b8 Extracting 413.3MB
 57b2971744b8 Extracting 413.9MB
 57b2971744b8 Extracting 415MB
 57b2971744b8 Extracting 415.6MB
 57b2971744b8 Extracting 416.1MB
 57b2971744b8 Extracting 416.7MB
 57b2971744b8 Extracting 417.2MB
 57b2971744b8 Extracting 418.3MB
 57b2971744b8 Extracting 420MB
 57b2971744b8 Extracting 420.6MB
 57b2971744b8 Extracting 422.8MB
 57b2971744b8 Extracting 423.9MB
 57b2971744b8 Extracting 424.5MB
 57b2971744b8 Extracting 425MB
 57b2971744b8 Extracting 425.6MB
 57b2971744b8 Extracting 426.7MB
 57b2971744b8 Extracting 427.8MB
 57b2971744b8 Extracting 428.4MB
 57b2971744b8 Extracting 428.9MB
 57b2971744b8 Extracting 429.5MB
 57b2971744b8 Extracting 430MB
 57b2971744b8 Extracting 431.2MB
 57b2971744b8 Extracting 432.3MB
 57b2971744b8 Extracting 432.8MB
 57b2971744b8 Extracting 433.4MB
 57b2971744b8 Extracting 433.9MB
 57b2971744b8 Extracting 434.5MB
 57b2971744b8 Extracting 435.6MB
 57b2971744b8 Extracting 436.2MB
 57b2971744b8 Extracting 437.3MB
 57b2971744b8 Extracting 438.4MB
 57b2971744b8 Extracting 439.5MB
 57b2971744b8 Extracting 440.1MB
 57b2971744b8 Extracting 441.2MB
 57b2971744b8 Extracting 441.7MB
 57b2971744b8 Extracting 442.3MB
 57b2971744b8 Extracting 442.9MB
 57b2971744b8 Extracting 443.4MB
 57b2971744b8 Extracting 444MB
 57b2971744b8 Extracting 445.1MB
 57b2971744b8 Extracting 445.6MB
 57b2971744b8 Extracting 446.2MB
 57b2971744b8 Extracting 447.3MB
 57b2971744b8 Extracting 447.9MB
 57b2971744b8 Extracting 449MB
 57b2971744b8 Extracting 449.5MB
 57b2971744b8 Extracting 450.1MB
 57b2971744b8 Extracting 450.7MB
 57b2971744b8 Extracting 451.2MB
 57b2971744b8 Extracting 451.8MB
 57b2971744b8 Extracting 452.3MB
 57b2971744b8 Extracting 452.9MB
 57b2971744b8 Extracting 453.4MB
 57b2971744b8 Extracting 454.6MB
 57b2971744b8 Extracting 455.7MB
 57b2971744b8 Extracting 456.2MB
 57b2971744b8 Extracting 456.8MB
 57b2971744b8 Extracting 457.3MB
 57b2971744b8 Extracting 458.5MB
 57b2971744b8 Extracting 459.6MB
 57b2971744b8 Extracting 460.7MB
 57b2971744b8 Extracting 461.2MB
 57b2971744b8 Extracting 462.4MB
 57b2971744b8 Extracting 462.9MB
 57b2971744b8 Extracting 463.5MB
 57b2971744b8 Extracting 464MB
 57b2971744b8 Extracting 464.6MB
 57b2971744b8 Extracting 465.7MB
 57b2971744b8 Extracting 466.3MB
 57b2971744b8 Extracting 468.5MB
 57b2971744b8 Extracting 470.2MB
 57b2971744b8 Extracting 470.7MB
 57b2971744b8 Extracting 472.4MB
 57b2971744b8 Extracting 473.5MB
 57b2971744b8 Extracting 475.2MB
 57b2971744b8 Extracting 475.7MB
 57b2971744b8 Extracting 476.3MB
 57b2971744b8 Extracting 476.8MB
 57b2971744b8 Extracting 478MB
 57b2971744b8 Extracting 479.1MB
 57b2971744b8 Extracting 479.6MB
 57b2971744b8 Extracting 480.2MB
 57b2971744b8 Extracting 480.7MB
 57b2971744b8 Extracting 481.3MB
 57b2971744b8 Extracting 482.4MB
 57b2971744b8 Extracting 483MB
 57b2971744b8 Extracting 491.3MB
 57b2971744b8 Extracting 494.7MB
 57b2971744b8 Extracting 501.4MB
 57b2971744b8 Extracting 504.1MB
 57b2971744b8 Extracting 504.7MB
 57b2971744b8 Extracting 505.2MB
 57b2971744b8 Extracting 509.7MB
 57b2971744b8 Extracting 519.2MB
 57b2971744b8 Extracting 529.8MB
 57b2971744b8 Extracting 540.3MB
 57b2971744b8 Extracting 551.5MB
 57b2971744b8 Extracting 554.8MB
 57b2971744b8 Extracting 555.9MB
 57b2971744b8 Extracting 556.5MB
 57b2971744b8 Extracting 557.1MB
 57b2971744b8 Extracting 557.6MB
 57b2971744b8 Extracting 558.2MB
 57b2971744b8 Extracting 558.6MB
 57b2971744b8 Pull complete 0B
 fcae6359d267 Extracting 1.214kB
 fcae6359d267 Extracting 1.214kB
 fcae6359d267 Pull complete 0B
 Image lscr.io/linuxserver/webtop:debian-kde@sha256:2c69b3325b177713ac388fd8c0b95589bc537e938c5ff6e7a5435887fc35d0f6 Pulled 
 Network mobang-desktop_default Creating 
 Network mobang-desktop_default Created 
 Volume mobang-desktop_config Creating 
 Volume mobang-desktop_config Created 
 Container mobang-desktop Creating 
 Container mobang-desktop Created 
 Container mobang-desktop Starting 
 Container mobang-desktop Started 
